###############################################################################
#
# IAR ELF Linker V7.80.2.11947/W32 for ARM                13/Mar/2020  12:25:11
# Copyright 2007-2016 IAR Systems AB.
#
#    Output file  =  
#        C:\Users\rkusainov\Desktop\smk_all\smk_jump\smk_struct\smk_10_12_end_gerc\Release\Exe\smk.out
#    Map file     =  
#        C:\Users\rkusainov\Desktop\smk_all\smk_jump\smk_struct\smk_10_12_end_gerc\Release\List\smk.map
#    Command line =  
#        C:\Users\rkusainov\Desktop\smk_all\smk_jump\smk_struct\smk_10_12_end_gerc\Release\Obj\M0_Startup.o
#        C:\Users\rkusainov\Desktop\smk_all\smk_jump\smk_struct\smk_10_12_end_gerc\Release\Obj\main.o
#        -o
#        C:\Users\rkusainov\Desktop\smk_all\smk_jump\smk_struct\smk_10_12_end_gerc\Release\Exe\smk.out
#        --redirect _Printf=_PrintfFull --redirect _Scanf=_ScanfFull --map
#        C:\Users\rkusainov\Desktop\smk_all\smk_jump\smk_struct\smk_10_12_end_gerc\Release\List\smk.map
#        --config "C:\Program Files (x86)\IAR Systems\Embedded Workbench
#        7.5\arm\config\linker\ST\stm32f030x6.icf" --entry __iar_program_start
#        --inline --vfe
#
###############################################################################

*******************************************************************************
*** RUNTIME MODEL ATTRIBUTES
***

CppFlavor       = *
__SystemLibrary = DLib


*******************************************************************************
*** PLACEMENT SUMMARY
***

"A0":  place at 0x08000000 { ro section .intvec };
"P1":  place in [from 0x08000000 to 0x08007fff] { ro };
"P2":  place in [from 0x20000000 to 0x20000fff] { rw, block CSTACK, block HEAP };
initialize by copy { rw };

  Section            Kind        Address    Size  Object
  -------            ----        -------    ----  ------
"A0":                                       0xc0
  .intvec            ro code  0x08000000    0xc0  M0_Startup.o [1]
                            - 0x080000c0    0xc0

"P1":                                     0x2eff
  .text              ro code  0x080000c0  0x2308  main.o [1]
  .text              ro code  0x080023c8    0x20  I32ToDbl.o [4]
  .text              ro code  0x080023e8   0x184  DblMul.o [4]
  .text              ro code  0x0800256c    0xc2  DblDiv.o [4]
  .text              ro code  0x0800262e    0x62  DblToFlt.o [4]
  .text              ro code  0x08002690    0x1e  I32ToFlt.o [4]
  .text              ro code  0x080026ae    0xb0  FltMul.o [4]
  .text              ro code  0x0800275e     0x2  M0_Startup.o [1]
  .text              ro code  0x08002760    0x32  FltToDbl.o [4]
  .text              ro code  0x08002792   0x1b4  DblAddSub.o [4]
  .text              ro code  0x08002946   0x120  FltAddSub.o [4]
  .text              ro code  0x08002a66    0xaa  FltDiv.o [4]
  .text              ro code  0x08002b10    0x26  FltCmpLe.o [4]
  .text              ro code  0x08002b36    0x32  DblCmpLe.o [4]
  .text              ro code  0x08002b68    0x28  FltCmpGe.o [4]
  .text              ro code  0x08002b90    0xe0  I32DivModFast.o [5]
  .text              ro code  0x08002c70    0x40  ABImemset.o [5]
  .rodata            const    0x08002cb0   0x138  main.o [1]
  .text              ro code  0x08002de8    0x3c  zero_init3.o [5]
  .text              ro code  0x08002e24    0x3c  packbits_init_single.o [5]
  .text              ro code  0x08002e60    0x28  data_init.o [5]
  .iar.init_table    const    0x08002e88    0x20  - Linker created -
  .text              ro code  0x08002ea8    0x1a  cmain.o [5]
  .text              ro code  0x08002ec2     0x8  exit.o [3]
  .text              ro code  0x08002eca     0x2  M0_Startup.o [1]
  .text              ro code  0x08002ecc     0xa  cexit.o [5]
  .text              ro code  0x08002ed6     0x2  M0_Startup.o [1]
  .text              ro code  0x08002ed8     0xc  XXexit.o [5]
  .text              ro code  0x08002ee4     0xc  cstartup_M.o [5]
  .text              ro code  0x08002ef0     0x8  M0_Startup.o [1]
  .text              ro code  0x08002ef8     0x2  M0_Startup.o [1]
  .text              ro code  0x08002efa     0x2  M0_Startup.o [1]
  .text              ro code  0x08002efc     0x2  M0_Startup.o [1]
  .text              ro code  0x08002efe     0x2  M0_Startup.o [1]
  .text              ro code  0x08002f00     0x2  M0_Startup.o [1]
  .text              ro code  0x08002f02     0x2  M0_Startup.o [1]
  .text              ro code  0x08002f04     0x2  M0_Startup.o [1]
  .text              ro code  0x08002f06     0x2  M0_Startup.o [1]
  .text              ro code  0x08002f08     0x2  M0_Startup.o [1]
  .text              ro code  0x08002f0a     0x2  M0_Startup.o [1]
  .text              ro code  0x08002f0c     0x2  M0_Startup.o [1]
  .text              ro code  0x08002f0e     0x2  M0_Startup.o [1]
  .text              ro code  0x08002f10     0x2  M0_Startup.o [1]
  .text              ro code  0x08002f12     0x2  M0_Startup.o [1]
  .text              ro code  0x08002f14     0x2  M0_Startup.o [1]
  .text              ro code  0x08002f16     0x2  M0_Startup.o [1]
  .text              ro code  0x08002f18     0x2  M0_Startup.o [1]
  .text              ro code  0x08002f1a     0x2  M0_Startup.o [1]
  .text              ro code  0x08002f1c     0x2  M0_Startup.o [1]
  .text              ro code  0x08002f1e     0x2  M0_Startup.o [1]
  .text              ro code  0x08002f20     0x2  M0_Startup.o [1]
  .text              ro code  0x08002f22     0x2  M0_Startup.o [1]
  .text              ro code  0x08002f24     0x2  M0_Startup.o [1]
  .text              ro code  0x08002f26     0x2  M0_Startup.o [1]
  .text              ro code  0x08002f28     0x2  M0_Startup.o [1]
  .text              ro code  0x08002f2a     0x2  M0_Startup.o [1]
  .text              ro code  0x08002f2c     0x2  M0_Startup.o [1]
  .text              ro code  0x08002f2e     0x2  M0_Startup.o [1]
  .text              ro code  0x08002f30     0x2  M0_Startup.o [1]
  .text              ro code  0x08002f32     0x2  M0_Startup.o [1]
  .text              ro code  0x08002f34     0x2  M0_Startup.o [1]
  .rodata            const    0x08002f36     0x0  zero_init3.o [5]
  .rodata            const    0x08002f36     0x0  packbits_init_single.o [5]
  Initializer bytes  const    0x08002f36    0x89  <for P2-1>
                            - 0x08002fbf  0x2eff

"P2", part 1 of 3:                         0x262
  P2-1                        0x20000000   0x262  <Init block>
    .data            inited   0x20000000    0x24  main.o [1]
    .data            inited   0x20000024     0xc  main.o [1]
    .data            inited   0x20000030    0x80  main.o [1]
    .data            inited   0x200000b0   0x118  main.o [1]
    .data            inited   0x200001c8    0x60  main.o [1]
    .data            inited   0x20000228    0x1c  main.o [1]
    .data            inited   0x20000244     0xa  main.o [1]
    .data            inited   0x20000250     0xc  main.o [1]
    .data            inited   0x2000025c     0x4  main.o [1]
    .data            inited   0x20000260     0x2  main.o [1]
                            - 0x20000262   0x262

"P2", part 2 of 3:                         0x400
  CSTACK                      0x20000268   0x400  <Block>
    CSTACK           uninit   0x20000268   0x400  <Block tail>
                            - 0x20000668   0x400

"P2", part 3 of 3:                          0x64
  .bss               zero     0x20000668    0x40  main.o [1]
  .bss               zero     0x200006a8    0x15  main.o [1]
  .bss               zero     0x200006bd     0x2  main.o [1]
  .bss               zero     0x200006c0     0x8  main.o [1]
  .bss               zero     0x200006c8     0x2  main.o [1]
                            - 0x200006ca    0x62


*******************************************************************************
*** INIT TABLE
***

          Address     Size
          -------     ----
Zero (__iar_zero_init3)
    1 destination range, total size 0x62:
          0x20000668   0x62

Copy/packbits (__iar_packbits_init_single3)
    1 source range, total size 0x89 (22% of destination):
          0x08002f36   0x89
    1 destination range, total size 0x262:
          0x20000000  0x262



*******************************************************************************
*** MODULE SUMMARY
***

    Module                  ro code  ro data  rw data
    ------                  -------  -------  -------
C:\Users\rkusainov\Desktop\smk_all\smk_jump\smk_struct\smk_10_12_end_gerc\Release\Obj: [1]
    M0_Startup.o                268
    main.o                    8 968      449      705
    -------------------------------------------------
    Total:                    9 236      449      705

command line: [2]
    -------------------------------------------------
    Total:

dl6M_tln.a: [3]
    exit.o                        8
    -------------------------------------------------
    Total:                        8

m6M_tl.a: [4]
    DblAddSub.o                 436
    DblCmpLe.o                   50
    DblDiv.o                    194
    DblMul.o                    388
    DblToFlt.o                   98
    FltAddSub.o                 288
    FltCmpGe.o                   40
    FltCmpLe.o                   38
    FltDiv.o                    170
    FltMul.o                    176
    FltToDbl.o                   50
    I32ToDbl.o                   32
    I32ToFlt.o                   30
    -------------------------------------------------
    Total:                    1 990

rt6M_tl.a: [5]
    ABImemset.o                  64
    I32DivModFast.o             224
    XXexit.o                     12
    cexit.o                      10
    cmain.o                      26
    cstartup_M.o                 12
    data_init.o                  40
    packbits_init_single.o       60
    zero_init3.o                 60
    -------------------------------------------------
    Total:                      508

    Gaps                                            3
    Linker created                        32    1 024
-----------------------------------------------------
    Grand Total:             11 742      481    1 732


*******************************************************************************
*** ENTRY LIST
***

Entry                      Address   Size  Type      Object
-----                      -------   ----  ----      ------
.iar.init_table$$Base   0x08002e88          --   Gb  - Linker created -
.iar.init_table$$Limit  0x08002ea8          --   Gb  - Linker created -
?main                   0x08002ea9         Code  Gb  cmain.o [5]
ADC_Complex             0x08000e21  0x19c  Code  Gb  main.o [1]
ADC_Simple              0x08000d01  0x10c  Code  Gb  main.o [1]
ADC_init                0x08000659   0x54  Code  Gb  main.o [1]
Alert_Scan              0x08001131  0x16e  Code  Gb  main.o [1]
BCKR_init               0x0800158d   0x94  Code  Gb  main.o [1]
B_EZCONFIG_XO_TUNE_1    0x08002ccc   0x10  Data  Lc  main.o [1]
B_FRR_CTL_A_MODE_4      0x08002cbc   0x10  Data  Lc  main.o [1]
B_INT_CTL_ENABLE_1      0x08002cb0    0xc  Data  Lc  main.o [1]
B_WRITE_TX_FIFO         0x08002cec   0x74  Data  Lc  main.o [1]
B_WRITE_TX_FIFO_1       0x08002d60   0x70  Data  Lc  main.o [1]
Bat_ADC_Ctrl            0x08000fd9  0x144  Code  Gb  main.o [1]
Bind                    0x20000220    0x4  Data  Gb  main.o [1]
CRC16_hy                0x080017c5   0x3e  Code  Gb  main.o [1]
CSTACK$$Base            0x20000268          --   Gb  - Linker created -
CSTACK$$Limit           0x20000668          --   Gb  - Linker created -
CTS_RESP                0x200006bd    0x1  Data  Gb  main.o [1]
Data_Check              0x08001bc9  0x376  Code  Gb  main.o [1]
Device_st               0x200001d8    0x4  Data  Gb  main.o [1]
Device_st_change        0x20000230    0x8  Data  Gb  main.o [1]
EKEY_1                  0x20000004   0x20  Data  Gb  main.o [1]
EKEY_2                  0x20000028    0x8  Data  Gb  main.o [1]
ERR_CN                  0x200006be    0x1  Data  Gb  main.o [1]
EXTI415_Handler         0x08000759    0x2  Code  Gb  main.o [1]
Element                 0x20000224    0x4  Data  Gb  main.o [1]
Encrypt                 0x0800181d   0x26  Code  Gb  main.o [1]
Encrypt_PRG_hy          0x08001843   0x52  Code  Gb  main.o [1]
Encrypt_TX_RU2          0x080018c5   0x54  Code  Gb  main.o [1]
Ez_check                0x08002de4    0x4  Data  Lc  main.o [1]
Fifo_info               0x20000228    0x8  Data  Gb  main.o [1]
GPIO_init               0x080000c1  0x58c  Code  Gb  main.o [1]
Gpio_cfg                0x08002ddc    0x8  Data  Lc  main.o [1]
Interr_st               0x200001c8   0x10  Data  Gb  main.o [1]
Jump_Scan               0x08000c79   0x76  Code  Gb  main.o [1]
LED_Linear              0x080013b1  0x1dc  Code  Gb  main.o [1]
Lx                      0x200006a8   0x14  Data  Gb  main.o [1]
PA_PWR_LVL              0x08002ce4    0x8  Data  Lc  main.o [1]
PackSend                0x08001919  0x110  Code  Gb  main.o [1]
Part_id                 0x08002dd0    0x1  Data  Lc  main.o [1]
Pow_up                  0x08002dd4    0x8  Data  Lc  main.o [1]
RLenght                 0x200001c7    0x1  Data  Gb  main.o [1]
RTC_Handler             0x08001739   0x70  Code  Gb  main.o [1]
Radio_Head              0x08001f55  0x1b6  Code  Gb  main.o [1]
Radio_init              0x08000941  0x30e  Code  Gb  main.o [1]
Read_Fifo               0x08001b21   0x94  Code  Gb  main.o [1]
Region$$Table$$Base     0x08002e88          --   Gb  - Linker created -
Region$$Table$$Limit    0x08002ea8          --   Gb  - Linker created -
Resp                    0x20000668   0x40  Data  Gb  main.o [1]
SPI_init                0x080006b1   0x74  Code  Gb  main.o [1]
SPI_rw                  0x08000781  0x19a  Code  Gb  main.o [1]
SYNC_CONFIG             0x08002cdc    0x8  Data  Lc  main.o [1]
SendL                   0x20000002    0x1  Data  Gb  main.o [1]
SetAlarmPeriod          0x080012d1   0xb2  Code  Gb  main.o [1]
Start_Rx                0x08001ac1   0x5c  Code  Gb  main.o [1]
Start_Tx                0x08001a29   0x8e  Code  Gb  main.o [1]
Start_rx                0x20000250    0xc  Data  Gb  main.o [1]
Start_tx                0x20000244    0x8  Data  Gb  main.o [1]
Status                  0x200001dc    0x4  Data  Gb  main.o [1]
SysTick_Handler         0x08000735   0x1e  Code  Gb  main.o [1]
Tamper_init             0x08001631  0x104  Code  Gb  main.o [1]
Timers                  0x200001e8   0x20  Data  Gb  main.o [1]
Volt                    0x2000020c   0x14  Data  Gb  main.o [1]
WakeCause               0x200001e5    0x1  Data  Gb  main.o [1]
__ICFEDIT_region_RAM_end__ {Abs}
                        0x20000fff         Data  Gb  command line/config [2]
__ICFEDIT_region_RAM_start__ {Abs}
                        0x20000000         Data  Gb  command line/config [2]
__aeabi_cdcmple         0x08002b37         Code  Gb  DblCmpLe.o [4]
__aeabi_cfcmple         0x08002b11         Code  Gb  FltCmpLe.o [4]
__aeabi_cfrcmple        0x08002b69         Code  Gb  FltCmpGe.o [4]
__aeabi_d2f             0x0800262f         Code  Gb  DblToFlt.o [4]
__aeabi_dadd            0x08002793         Code  Gb  DblAddSub.o [4]
__aeabi_ddiv            0x0800256d         Code  Gb  DblDiv.o [4]
__aeabi_dmul            0x080023e9         Code  Gb  DblMul.o [4]
__aeabi_dsub            0x08002859         Code  Gb  DblAddSub.o [4]
__aeabi_f2d             0x08002761         Code  Gb  FltToDbl.o [4]
__aeabi_fadd            0x08002947         Code  Gb  FltAddSub.o [4]
__aeabi_fdiv            0x08002a67         Code  Gb  FltDiv.o [4]
__aeabi_fmul            0x080026af         Code  Gb  FltMul.o [4]
__aeabi_fsub            0x080029b7         Code  Gb  FltAddSub.o [4]
__aeabi_idiv            0x08002bbd         Code  Gb  I32DivModFast.o [5]
__aeabi_idivmod         0x08002bbd         Code  Gb  I32DivModFast.o [5]
__aeabi_memclr4         0x08002cad         Code  Gb  ABImemset.o [5]
__aeabi_memclr8         0x08002cad         Code  Gb  ABImemset.o [5]
__aeabi_memset4         0x08002c71         Code  Gb  ABImemset.o [5]
__aeabi_memset8         0x08002c71         Code  Gb  ABImemset.o [5]
__aeabi_ui2d            0x080023c9         Code  Gb  I32ToDbl.o [4]
__aeabi_ui2f            0x08002691         Code  Gb  I32ToFlt.o [4]
__aeabi_uidiv           0x08002bc3         Code  Gb  I32DivModFast.o [5]
__aeabi_uidivmod        0x08002bc3         Code  Gb  I32DivModFast.o [5]
__cmain                 0x08002ea9         Code  Gb  cmain.o [5]
__exit                  0x08002ed9         Code  Gb  XXexit.o [5]
__iar_Memset4_word      0x08002c7d         Code  Gb  ABImemset.o [5]
__iar_data_init3        0x08002e61   0x28  Code  Gb  data_init.o [5]
__iar_packbits_init_single3
                        0x08002e25   0x3c  Code  Gb  packbits_init_single.o [5]
__iar_program_start     0x08002ee5         Code  Gb  cstartup_M.o [5]
__iar_ui2d              0x080023cd         Code  Gb  I32ToDbl.o [4]
__iar_ui2f              0x08002695         Code  Gb  I32ToFlt.o [4]
__iar_zero_init3        0x08002de9   0x3c  Code  Gb  zero_init3.o [5]
__vector_table          0x08000000         Data  Gb  M0_Startup.o [1]
_call_main              0x08002eb5         Code  Gb  cmain.o [5]
_exit                   0x08002ecd         Code  Gb  cexit.o [5]
_main                   0x08002ebf         Code  Gb  cmain.o [5]
_wfi                    0x080017a9    0x4  Code  Gb  main.o [1]
adc_cn                  0x200006c8    0x2  Data  Gb  main.o [1]
arrow_1                 0x20000024    0x1  Data  Gb  main.o [1]
arrow_2                 0x20000025    0x1  Data  Gb  main.o [1]
arrow_new               0x200001c4    0x1  Data  Gb  main.o [1]
bat2                    0x20000260    0x1  Data  Gb  main.o [1]
bat2_cn                 0x20000261    0x1  Data  Gb  main.o [1]
bckr_0                  0x200006c0    0x4  Data  Gb  main.o [1]
bckr_1                  0x200006c4    0x4  Data  Gb  main.o [1]
bit_shift               0x200001c6    0x1  Data  Gb  main.o [1]
data                    0x20000030   0x80  Data  Gb  main.o [1]
data1                   0x200001e1    0x1  Data  Gb  main.o [1]
data1_prev              0x2000025c    0x1  Data  Gb  main.o [1]
data2                   0x20000000    0x1  Data  Gb  main.o [1]
data_1                  0x20000130   0x94  Data  Gb  main.o [1]
data_shift              0x200001c5    0x1  Data  Gb  main.o [1]
data_zero               0x200000b0   0x80  Data  Gb  main.o [1]
exit                    0x08002ec3    0x8  Code  Gb  exit.o [3]
jdang                   0x200001e0    0x1  Data  Gb  main.o [1]
led_mode                0x200001e4    0x1  Data  Gb  main.o [1]
led_mode_prev           0x200006bc    0x1  Data  Gb  main.o [1]
lpack                   0x20000238    0x1  Data  Gb  main.o [1]
main                    0x0800212d  0x256  Code  Gb  main.o [1]
mode                    0x200001e3    0x1  Data  Gb  main.o [1]
mode_change             0x200001e6    0x1  Data  Gb  main.o [1]
period                  0x200001e7    0x1  Data  Gb  main.o [1]
plen                    0x20000239    0x1  Data  Gb  main.o [1]
px55                    0x20000208    0x2  Data  Gb  main.o [1]
pxaa                    0x2000023e    0x2  Data  Gb  main.o [1]
ratio_a5                0x20000240    0x4  Data  Gb  main.o [1]
rdi                     0x2000023a    0x1  Data  Gb  main.o [1]
scan_time               0x2000025f    0x1  Data  Gb  main.o [1]
sendcn                  0x2000024c    0x2  Data  Gb  main.o [1]
start                   0x2000025e    0x1  Data  Gb  main.o [1]
state                   0x200001e2    0x1  Data  Gb  main.o [1]
state_prev              0x2000025d    0x1  Data  Gb  main.o [1]
sum_5                   0x2000023c    0x2  Data  Gb  main.o [1]
type                    0x20000001    0x1  Data  Gb  main.o [1]


[1] = C:\Users\rkusainov\Desktop\smk_all\smk_jump\smk_struct\smk_10_12_end_gerc\Release\Obj
[2] = command line
[3] = dl6M_tln.a
[4] = m6M_tl.a
[5] = rt6M_tl.a

  11 742 bytes of readonly  code memory
     481 bytes of readonly  data memory
   1 732 bytes of readwrite data memory

Errors: none
Warnings: none
